
<html lang="en">
<head>
    <title>Gilded Rose</title>
    <script src="https://unpkg.com/htmx.org@1.9.4" integrity="sha384-zUfuhFKKZCbHTY6aRR46gxiqszMk5tcHjsVFxnUo8VMus4kHGVdIYVbOYYNlKmHV" crossorigin="anonymous"></script>
</head>
<body>
<h1>9 February 2022</h1>
 <form method="post" action="/add-item" hx-post="/add-item" hx-target="table" id="new-item-form"></form> 
<form method="post" action="/delete-items" hx-post="/delete-items" hx-target="table" hx-confirm="Are you sure you want to delete the items?">
    <input type="submit" value="Delete" aria-label="Delete selected items" >

    <table>
        <tr>
        <th></th>
            <th>ID</th>
            <th>Name</th>
            <th>Sell By Date</th>
            <th>Sell By Days</th>
            <th>Quality</th>
            <th>Price</th>
        </tr>
        
        <tr>
            <td></td>
            <td><input form="new-item-form" type="text" name="new-itemId" required size="5" aria-label="New item id"></td>
            <td><input form="new-item-form" type="text" name="new-itemName" required size="20" aria-label="New item name"></td>
            <td><input form="new-item-form" type="date" name="new-itemSellBy" aria-label="New item sell by date"></td>
            <td></td>
            <td style="text-align: right"><input type="number" form="new-item-form" name="new-itemQuality" required min="0" size="3" aria-label="New item quality"></td>
            <td><input type="submit" form="new-item-form" value="Add" style="width: 100%" aria-label="Add new item"></td>
        </tr>
        
        
            <tr>
                <td><input type="checkbox" name="B1" aria-label="Select item"></td>
                <td>B1</td>
                <td>banana</td>
                <td>8 February 2022</td>
                <td style="text-align: right">-1</td>
                <td style="text-align: right">42</td>
                <td style="text-align: right">£6.66</td>
            </tr>
        
            <tr>
                <td><input type="checkbox" name="K1" aria-label="Select item"></td>
                <td>K1</td>
                <td>kumquat</td>
                <td>10 February 2022</td>
                <td style="text-align: right">1</td>
                <td style="text-align: right">101</td>
                <td style="text-align: right"></td>
            </tr>
        
            <tr>
                <td><input type="checkbox" name="U1" aria-label="Select item"></td>
                <td>U1</td>
                <td>undated</td>
                <td></td>
                <td style="text-align: right">0</td>
                <td style="text-align: right">50</td>
                <td style="text-align: right">£9.99</td>
            </tr>
        
    </table>

</form>
</body>
</html>

