<html lang="en">
<body>
<h1>9 February 2022</h1>
<form method="post" action="/delete-items">
    <input type="submit" value="Delete">
    <table>
        <tr>
        <th></th>
            <th>ID</th>
            <th>Name</th>
            <th>Sell By Date</th>
            <th>Sell By Days</th>
            <th>Quality</th>
            <th>Price</th>
        </tr>
        
            <tr>
                <td><input type="checkbox" name="B1"></td>
                <td>B1</td>
                <td>banana</td>
                <td>8 February 2022</td>
                <td style="text-align: right">-1</td>
                <td style="text-align: right">42</td>
                <td style="text-align: right">£6.66</td>
            </tr>
        
            <tr>
                <td><input type="checkbox" name="K1"></td>
                <td>K1</td>
                <td>kumquat</td>
                <td>10 February 2022</td>
                <td style="text-align: right">1</td>
                <td style="text-align: right">101</td>
                <td style="text-align: right"></td>
            </tr>
        
            <tr>
                <td><input type="checkbox" name="U1"></td>
                <td>U1</td>
                <td>undated</td>
                <td></td>
                <td style="text-align: right">0</td>
                <td style="text-align: right">50</td>
                <td style="text-align: right">£9.99</td>
            </tr>
        
    </table>
</form>
</body>
</html>
