<html lang="en">
<body>
<h1>29 October 2021</h1>
<table>
<tr>
    <th>Name</th>
    <th>Sell By Date</th>
    <th>Sell By Days</th>
    <th>Quality</td>
</tr>
<tr>
    <td>banana</td>
    <td>28 October 2021</td>
    <td>-1</td>
    <td>42</td>
</tr>
<tr>
    <td>kumquat</td>
    <td>30 October 2021</td>
    <td>1</td>
    <td>101</td>
</tr>

</table>
</body>
</html>