digraph KotlinPackageDependencies {
rankdir=TB;
node [shape=box];
"com.gildedrose" [rank=min];
"<root>" -> "com.gildedrose";
"<root>" -> "com.gildedrose.config";
"<root>" -> "com.gildedrose.http";
"<root>" -> "com.gildedrose.persistence";
"com.gildedrose" -> "com.gildedrose";
"com.gildedrose" -> "com.gildedrose.config";
"com.gildedrose" -> "com.gildedrose.domain";
"com.gildedrose" -> "com.gildedrose.foundation";
"com.gildedrose" -> "com.gildedrose.pricing";
"com.gildedrose" -> "com.gildedrose.updating";
"com.gildedrose" -> "com.gildedrose.persistence";
"com.gildedrose" -> "com.gildedrose.http";
"com.gildedrose" -> "com.gildedrose.rendering";
"com.gildedrose.config" -> "com.gildedrose.config";
"com.gildedrose.config" -> "com.gildedrose.persistence";
"com.gildedrose.domain" -> "com.gildedrose.domain";
"com.gildedrose.domain" -> "com.gildedrose.foundation";
"com.gildedrose.foundation" -> "com.gildedrose.foundation";
"com.gildedrose.persistence" -> "com.gildedrose.persistence";
"com.gildedrose.persistence" -> "com.gildedrose.db.*";
"com.gildedrose.persistence" -> "com.gildedrose.domain";
"com.gildedrose.db.*" -> "com.gildedrose.db.*";
"com.gildedrose.pricing" -> "com.gildedrose.domain";
"com.gildedrose.pricing" -> "com.gildedrose.pricing";
"com.gildedrose.pricing" -> "com.gildedrose.foundation";
"com.gildedrose.updating" -> "com.gildedrose.domain";
"com.gildedrose.updating" -> "com.gildedrose.updating";
"com.gildedrose.http" -> "com.gildedrose.foundation";
"com.gildedrose.http" -> "com.gildedrose.http";
"com.gildedrose.rendering" -> "com.gildedrose.domain";
"com.gildedrose.rendering" -> "com.gildedrose.foundation";
"com.gildedrose.rendering" -> "com.gildedrose.http";
"com.gildedrose.rendering" -> "com.gildedrose.rendering";
}
