International Magic Shop GB
Magicshop.nl NL
Alakazam Magic Shop GB
Merchant of Magic GB
Geek Retreat Ipswich GB
Dynamite Magic Shop NL
Little Gems Rock & Crystal Shop GB
Magic King - Cannabis - CBD - Store BE
The Harry Potter Shop at Platform 9¾ GB
Disney Store GB
Forbidden Planet London Megastore GB
London Timepiece GB
Stylecreep GB
Treadwell's Books GB
DnDice GB
Firework Crazy GB
Cultzilla GB
Choosing Keeping GB